src/app/page.tsx(240,41): error TS2345: Argument of type '{ agentId: string; overrides: { agent: { prompt: { prompt: string; }; }; }; }' is not assignable to parameter of type '(BaseSessionConfig & { agentId: string; connectionType: ConnectionType; signedUrl?: undefined; conversationToken?: undefined; } & Partial<BaseSessionConfig & ... 7 more ... & { ...; }>) | (BaseSessionConfig & ... 1 more ... & Partial<...>) | (BaseSessionConfig & ... 1 more ... & Partial<...>)'.
  Type '{ agentId: string; overrides: { agent: { prompt: { prompt: string; }; }; }; }' is not assignable to type 'BaseSessionConfig & { agentId: string; connectionType: ConnectionType; signedUrl?: undefined; conversationToken?: undefined; } & Partial<BaseSessionConfig & ... 7 more ... & { ...; }>'.
    Property 'connectionType' is missing in type '{ agentId: string; overrides: { agent: { prompt: { prompt: string; }; }; }; }' but required in type '{ agentId: string; connectionType: ConnectionType; signedUrl?: undefined; conversationToken?: undefined; }'.
